
=== .venv/bin/python -m tools.video_learning learn --root . --analyze-video --video-limit 34 ===
objc[30688]: Class AVFFrameReceiver is implemented in both /Users/lao_wu/codexAI/知识库/.venv/lib/python3.12/site-packages/av/.dylibs/libavdevice.62.3.101.dylib (0x1085303a8) and /Users/lao_wu/codexAI/知识库/.venv/lib/python3.12/site-packages/cv2/.dylibs/libavdevice.61.3.100.dylib (0x10c5703a8). This may cause spurious casting failures and mysterious crashes. One of the duplicates must be removed or renamed.
objc[30688]: Class AVFAudioReceiver is implemented in both /Users/lao_wu/codexAI/知识库/.venv/lib/python3.12/site-packages/av/.dylibs/libavdevice.62.3.101.dylib (0x1085303f8) and /Users/lao_wu/codexAI/知识库/.venv/lib/python3.12/site-packages/cv2/.dylibs/libavdevice.61.3.100.dylib (0x10c5703f8). This may cause spurious casting failures and mysterious crashes. One of the duplicates must be removed or renamed.
{
  "raw_counts": {
    "douyin_contents": 1140,
    "xhs_contents": 15,
    "douyin_comments": 10280,
    "creators": 3,
    "unknown": 0
  },
  "dedupe_stats": {
    "duplicate_source_id": 111,
    "duplicate_text": 25,
    "unique_records": 1019
  },
  "requested": 34,
  "found": 34,
  "learned": 30,
  "skipped": 4,
  "missing": [],
  "video_analysis_requested": 30,
  "selected_cards_dir": "01_Case_Cleaning/video_learning/selected_deep_cards",
  "manifest": "01_Case_Cleaning/video_learning/state/learning_manifest.json",
  "report": "01_Case_Cleaning/video_learning/latest_selected_deep_learning_report.md"
}

=== .venv/bin/python -m tools.video_learning status --root . ===
{
  "queue_pending": 4,
  "queue_completed": 30,
  "queue_failed": 3,
  "manifest_completed": 34,
  "manifest_failed": 3,
  "queue": "01_Case_Cleaning/video_learning/queues/pending_deep_learning.json",
  "manifest": "01_Case_Cleaning/video_learning/state/learning_manifest.json"
}
