
=== .venv/bin/python -m tools.video_learning learn --root . --analyze-video --video-limit 36 ===
{
  "raw_counts": {
    "douyin_contents": 1140,
    "xhs_contents": 15,
    "douyin_comments": 10280,
    "creators": 3,
    "unknown": 0
  },
  "dedupe_stats": {
    "duplicate_source_id": 111,
    "duplicate_text": 25,
    "unique_records": 1019
  },
  "requested": 19,
  "found": 19,
  "learned": 0,
  "skipped": 19,
  "missing": [],
  "video_analysis_requested": 0,
  "selected_cards_dir": "01_Case_Cleaning/video_learning/selected_deep_cards",
  "manifest": "01_Case_Cleaning/video_learning/state/learning_manifest.json",
  "report": "01_Case_Cleaning/video_learning/latest_selected_deep_learning_report.md"
}

=== .venv/bin/python -m tools.video_learning status --root . ===
{
  "queue_pending": 19,
  "queue_completed": 30,
  "queue_failed": 3,
  "manifest_completed": 49,
  "manifest_failed": 3,
  "queue": "01_Case_Cleaning/video_learning/queues/pending_deep_learning.json",
  "manifest": "01_Case_Cleaning/video_learning/state/learning_manifest.json"
}
