[    1460ms] [INFO] 框架和 SDK 输出的日志默认不展示，可在框架配置文件中设置开启，详见 https://doc.weixin.qq.com/doc/w3_AWkASAb9APAr8IdJI5VS0OyqetUE6?scode=ANAAyQcbAAgB8qKjm9AWkASAb9APA @ https://fe-static.xhscdn.com/formula-static/xhs-pc-web/public/resource/js/vendor-dynamic.147dd08d.js:0
[    1512ms] [LOG] Error @ :2
[    1573ms] [ERROR] [apm] region is required! @ https://fe-static.xhscdn.com/formula-static/xhs-pc-web/public/resource/js/vendor-dynamic.147dd08d.js:0
[    1601ms] [LOG] Error @ :2
[    1608ms] [LOG] Error @ :2
[    1857ms] [LOG] Error @ :2
[    2029ms] [LOG] Error @ :2
[    2032ms] [LOG] Error @ :2
[    2034ms] [LOG] Error @ :2
[    2457ms] [ERROR] [loginStatusInterceptor] Response error: HTTPServerError: 无登录信息，或登录信息为空
    at fulfilled (https://fe-static.xhscdn.com/formula-static/xhs-pc-web/public/resource/js/vendor-dynamic.147dd08d.js:1:196805)
    at https://fe-static.xhscdn.com/formula-static/xhs-pc-web/public/resource/js/vendor-dynamic.147dd08d.js:1:197334 {data: Object, status: 401, statusText: , headers: Object, config: Object} {url: //edith.xiaohongshu.com/api/sns/web/v1/config, method: post, headers: Object, transformRequest: Array(1), transformResponse: Array(1)} @ https://fe-static.xhscdn.com/formula-static/xhs-pc-web/public/resource/js/index.9a5346c1.js:24
[    2458ms] [ERROR] Failed to load resource: the server responded with a status of 461 () @ https://edith.xiaohongshu.com/api/sns/web/v1/login/activate:0
[    2461ms] [ERROR] [loginStatusInterceptor] Response error: TypeError: Cannot read properties of undefined (reading 'status')
    at fulfilled (https://fe-static.xhscdn.com/formula-static/xhs-pc-web/public/resource/js/vendor-dynamic.147dd08d.js:1:196512)
    at https://fe-static.xhscdn.com/formula-static/xhs-pc-web/public/resource/js/vendor-dynamic.147dd08d.js:1:197334 null undefined @ https://fe-static.xhscdn.com/formula-static/xhs-pc-web/public/resource/js/index.9a5346c1.js:24
[    2481ms] [ERROR] [loginStatusInterceptor] Response error: HTTPServerError: 无登录信息，或登录信息为空
    at fulfilled (https://fe-static.xhscdn.com/formula-static/xhs-pc-web/public/resource/js/vendor-dynamic.147dd08d.js:1:196805)
    at https://fe-static.xhscdn.com/formula-static/xhs-pc-web/public/resource/js/vendor-dynamic.147dd08d.js:1:197334 {data: Object, status: 401, statusText: , headers: Object, config: Object} {url: //edith.xiaohongshu.com/api/sns/web/v2/user/me, method: get, headers: Object, transformRequest: Array(1), transformResponse: Array(1)} @ https://fe-static.xhscdn.com/formula-static/xhs-pc-web/public/resource/js/index.9a5346c1.js:24
[    2481ms] [ERROR] [loginStatusInterceptor] Response error: HTTPServerError: 无登录信息，或登录信息为空
    at fulfilled (https://fe-static.xhscdn.com/formula-static/xhs-pc-web/public/resource/js/vendor-dynamic.147dd08d.js:1:196805)
    at https://fe-static.xhscdn.com/formula-static/xhs-pc-web/public/resource/js/vendor-dynamic.147dd08d.js:1:197334 {data: Object, status: 401, statusText: , headers: Object, config: Object} {url: //edith.xiaohongshu.com/api/sns/web/v1/system/config, method: get, headers: Object, transformRequest: Array(1), transformResponse: Array(1)} @ https://fe-static.xhscdn.com/formula-static/xhs-pc-web/public/resource/js/index.9a5346c1.js:24
[    2481ms] [ERROR] Failed to load resource: the server responded with a status of 461 () @ https://edith.xiaohongshu.com/api/sns/h5/v1/note_info?note_id=62f60c35000000001402ba24:0
[    2485ms] [ERROR] [loginStatusInterceptor] Response error: HTTPServerError: 成功
    at fulfilled (https://fe-static.xhscdn.com/formula-static/xhs-pc-web/public/resource/js/vendor-dynamic.147dd08d.js:1:196805)
    at https://fe-static.xhscdn.com/formula-static/xhs-pc-web/public/resource/js/vendor-dynamic.147dd08d.js:1:197334 {data: Object, status: 461, statusText: , headers: Object, config: Object} {url: //edith.xiaohongshu.com/api/sns/h5/v1/note_info, method: get, params: Object, headers: Object, transformRequest: Array(1)} @ https://fe-static.xhscdn.com/formula-static/xhs-pc-web/public/resource/js/index.9a5346c1.js:24
[    2486ms] [LOG] Error @ :2
[    2490ms] [LOG] Service Worker registered success with scope: https://www.xiaohongshu.com/ @ https://fe-static.xhscdn.com/formula-static/xhs-pc-web/public/resource/js/index.9a5346c1.js:24
[    2546ms] Uncaught (in promise) HTTPServerError: 成功
    at fulfilled (https://fe-static.xhscdn.com/formula-static/xhs-pc-web/public/resource/js/vendor-dynamic.147dd08d.js:0:196804)
    at <anonymous> (https://fe-static.xhscdn.com/formula-static/xhs-pc-web/public/resource/js/vendor-dynamic.147dd08d.js:0:197333)
[    2569ms] [ERROR] [loginStatusInterceptor] Response error: HTTPServerError: 无登录信息，或登录信息为空
    at fulfilled (https://fe-static.xhscdn.com/formula-static/xhs-pc-web/public/resource/js/vendor-dynamic.147dd08d.js:1:196805)
    at https://fe-static.xhscdn.com/formula-static/xhs-pc-web/public/resource/js/vendor-dynamic.147dd08d.js:1:197334 {data: Object, status: 401, statusText: , headers: Object, config: Object} {url: //edith.xiaohongshu.com/api/sns/web/worldcup/access_check, method: post, data: {}, headers: Object, transformRequest: Array(1)} @ https://fe-static.xhscdn.com/formula-static/xhs-pc-web/public/resource/js/index.9a5346c1.js:24
[    2772ms] [LOG] getCaptcha::  {onClose: , onError: , onFailed: , onInit: , onReady: } @ https://fe-video-qc.xhscdn.com/fe-platform-file/104101b83203nt9iriq06ircja8jp60000000004v8odjg:19412
[    3543ms] [ERROR] Failed to load resource: net::ERR_BLOCKED_BY_CLIENT @ chrome-extension://invalid/:0
[    3543ms] [ERROR] Failed to load resource: net::ERR_BLOCKED_BY_CLIENT @ chrome-extension://invalid/:0
[    3543ms] [ERROR] Failed to load resource: net::ERR_BLOCKED_BY_CLIENT @ chrome-extension://invalid/:0
[    3543ms] [ERROR] Failed to load resource: net::ERR_BLOCKED_BY_CLIENT @ chrome-extension://invalid/:0
[    3543ms] [ERROR] Failed to load resource: net::ERR_BLOCKED_BY_CLIENT @ chrome-extension://invalid/:0
[    3543ms] [ERROR] Failed to load resource: net::ERR_BLOCKED_BY_CLIENT @ chrome-extension://invalid/:0
[    3543ms] [ERROR] Failed to load resource: net::ERR_BLOCKED_BY_CLIENT @ chrome-extension://invalid/:0
[    3543ms] [ERROR] Failed to load resource: net::ERR_BLOCKED_BY_CLIENT @ chrome-extension://invalid/:0
[    4400ms] [INFO] 框架和 SDK 输出的日志默认不展示，可在框架配置文件中设置开启，详见 https://doc.weixin.qq.com/doc/w3_AWkASAb9APAr8IdJI5VS0OyqetUE6?scode=ANAAyQcbAAgB8qKjm9AWkASAb9APA @ https://fe-static.xhscdn.com/formula-static/xhs-pc-web/public/resource/js/vendor-dynamic.147dd08d.js:0
[    4435ms] [LOG] Error @ :2
[    4873ms] [ERROR] [apm] region is required! @ https://fe-static.xhscdn.com/formula-static/xhs-pc-web/public/resource/js/vendor-dynamic.147dd08d.js:0
[    4890ms] [LOG] Error @ :2
[    4898ms] [LOG] Error @ :2
[    5132ms] [ERROR] Hydration completed but contains mismatches. @ https://fe-static.xhscdn.com/formula-static/xhs-pc-web/public/resource/js/vendor.3ce13618.js:0
[    5203ms] [LOG] Error @ :2
[    5209ms] [LOG] Error @ :2
[    5214ms] [LOG] Error @ :2
[    5219ms] [LOG] Error @ :2
[    5499ms] [ERROR] [loginStatusInterceptor] Response error: HTTPServerError: 无登录信息，或登录信息为空
    at fulfilled (https://fe-static.xhscdn.com/formula-static/xhs-pc-web/public/resource/js/vendor-dynamic.147dd08d.js:1:196805)
    at https://fe-static.xhscdn.com/formula-static/xhs-pc-web/public/resource/js/vendor-dynamic.147dd08d.js:1:197334 {data: Object, status: 401, statusText: , headers: Object, config: Object} {url: //edith.xiaohongshu.com/api/sns/web/v1/config, method: post, headers: Object, transformRequest: Array(1), transformResponse: Array(1)} @ https://fe-static.xhscdn.com/formula-static/xhs-pc-web/public/resource/js/index.9a5346c1.js:24
[    5500ms] [ERROR] [loginStatusInterceptor] Response error: HTTPServerError: 无登录信息，或登录信息为空
    at fulfilled (https://fe-static.xhscdn.com/formula-static/xhs-pc-web/public/resource/js/vendor-dynamic.147dd08d.js:1:196805)
    at https://fe-static.xhscdn.com/formula-static/xhs-pc-web/public/resource/js/vendor-dynamic.147dd08d.js:1:197334 {data: Object, status: 401, statusText: , headers: Object, config: Object} {url: //edith.xiaohongshu.com/api/sns/web/v2/user/me, method: get, headers: Object, transformRequest: Array(1), transformResponse: Array(1)} @ https://fe-static.xhscdn.com/formula-static/xhs-pc-web/public/resource/js/index.9a5346c1.js:24
[    5501ms] [LOG] Error @ :2
[    5504ms] [ERROR] [loginStatusInterceptor] Response error: HTTPServerError: 无登录信息，或登录信息为空
    at fulfilled (https://fe-static.xhscdn.com/formula-static/xhs-pc-web/public/resource/js/vendor-dynamic.147dd08d.js:1:196805)
    at https://fe-static.xhscdn.com/formula-static/xhs-pc-web/public/resource/js/vendor-dynamic.147dd08d.js:1:197334 {data: Object, status: 401, statusText: , headers: Object, config: Object} {url: //edith.xiaohongshu.com/api/sns/web/v1/system/config, method: get, headers: Object, transformRequest: Array(1), transformResponse: Array(1)} @ https://fe-static.xhscdn.com/formula-static/xhs-pc-web/public/resource/js/index.9a5346c1.js:24
[    5504ms] [ERROR] [loginStatusInterceptor] Response error: HTTPServerError: 无登录信息，或登录信息为空
    at fulfilled (https://fe-static.xhscdn.com/formula-static/xhs-pc-web/public/resource/js/vendor-dynamic.147dd08d.js:1:196805)
    at https://fe-static.xhscdn.com/formula-static/xhs-pc-web/public/resource/js/vendor-dynamic.147dd08d.js:1:197334 {data: Object, status: 401, statusText: , headers: Object, config: Object} {url: //edith.xiaohongshu.com/api/sns/web/v2/user/me, method: get, headers: Object, transformRequest: Array(1), transformResponse: Array(1)} @ https://fe-static.xhscdn.com/formula-static/xhs-pc-web/public/resource/js/index.9a5346c1.js:24
[    5507ms] [LOG] Error @ :2
[    5511ms] [LOG] Error @ :2
[    5560ms] [ERROR] Failed to load resource: the server responded with a status of 461 () @ https://edith.xiaohongshu.com/api/sns/web/v1/login/activate:0
[    5563ms] [ERROR] [loginStatusInterceptor] Response error: TypeError: Cannot read properties of undefined (reading 'status')
    at fulfilled (https://fe-static.xhscdn.com/formula-static/xhs-pc-web/public/resource/js/vendor-dynamic.147dd08d.js:1:196512)
    at https://fe-static.xhscdn.com/formula-static/xhs-pc-web/public/resource/js/vendor-dynamic.147dd08d.js:1:197334 null undefined @ https://fe-static.xhscdn.com/formula-static/xhs-pc-web/public/resource/js/index.9a5346c1.js:24
[    5575ms] [LOG] Error @ :2
[    5582ms] [LOG] Error @ :2
[    4400ms] [INFO] 框架和 SDK 输出的日志默认不展示，可在框架配置文件中设置开启，详见 https://doc.weixin.qq.com/doc/w3_AWkASAb9APAr8IdJI5VS0OyqetUE6?scode=ANAAyQcbAAgB8qKjm9AWkASAb9APA @ https://fe-static.xhscdn.com/formula-static/xhs-pc-web/public/resource/js/vendor-dynamic.147dd08d.js:0
[    4435ms] [LOG] Error @ :2
[    4873ms] [ERROR] [apm] region is required! @ https://fe-static.xhscdn.com/formula-static/xhs-pc-web/public/resource/js/vendor-dynamic.147dd08d.js:0
[    4890ms] [LOG] Error @ :2
[    4898ms] [LOG] Error @ :2
[    5132ms] [ERROR] Hydration completed but contains mismatches. @ https://fe-static.xhscdn.com/formula-static/xhs-pc-web/public/resource/js/vendor.3ce13618.js:0
[    5203ms] [LOG] Error @ :2
[    5209ms] [LOG] Error @ :2
[    5214ms] [LOG] Error @ :2
[    5219ms] [LOG] Error @ :2
[    5499ms] [ERROR] [loginStatusInterceptor] Response error: HTTPServerError: 无登录信息，或登录信息为空
    at fulfilled (https://fe-static.xhscdn.com/formula-static/xhs-pc-web/public/resource/js/vendor-dynamic.147dd08d.js:1:196805)
    at https://fe-static.xhscdn.com/formula-static/xhs-pc-web/public/resource/js/vendor-dynamic.147dd08d.js:1:197334 Object Object @ https://fe-static.xhscdn.com/formula-static/xhs-pc-web/public/resource/js/index.9a5346c1.js:24
[    5500ms] [ERROR] [loginStatusInterceptor] Response error: HTTPServerError: 无登录信息，或登录信息为空
    at fulfilled (https://fe-static.xhscdn.com/formula-static/xhs-pc-web/public/resource/js/vendor-dynamic.147dd08d.js:1:196805)
    at https://fe-static.xhscdn.com/formula-static/xhs-pc-web/public/resource/js/vendor-dynamic.147dd08d.js:1:197334 Object Object @ https://fe-static.xhscdn.com/formula-static/xhs-pc-web/public/resource/js/index.9a5346c1.js:24
[    5501ms] [LOG] Error @ :2
[    5504ms] [ERROR] [loginStatusInterceptor] Response error: HTTPServerError: 无登录信息，或登录信息为空
    at fulfilled (https://fe-static.xhscdn.com/formula-static/xhs-pc-web/public/resource/js/vendor-dynamic.147dd08d.js:1:196805)
    at https://fe-static.xhscdn.com/formula-static/xhs-pc-web/public/resource/js/vendor-dynamic.147dd08d.js:1:197334 Object Object @ https://fe-static.xhscdn.com/formula-static/xhs-pc-web/public/resource/js/index.9a5346c1.js:24
[    5504ms] [ERROR] [loginStatusInterceptor] Response error: HTTPServerError: 无登录信息，或登录信息为空
    at fulfilled (https://fe-static.xhscdn.com/formula-static/xhs-pc-web/public/resource/js/vendor-dynamic.147dd08d.js:1:196805)
    at https://fe-static.xhscdn.com/formula-static/xhs-pc-web/public/resource/js/vendor-dynamic.147dd08d.js:1:197334 Object Object @ https://fe-static.xhscdn.com/formula-static/xhs-pc-web/public/resource/js/index.9a5346c1.js:24
[    5507ms] [LOG] Error @ :2
[    5511ms] [LOG] Error @ :2
[    5563ms] [ERROR] [loginStatusInterceptor] Response error: TypeError: Cannot read properties of undefined (reading 'status')
    at fulfilled (https://fe-static.xhscdn.com/formula-static/xhs-pc-web/public/resource/js/vendor-dynamic.147dd08d.js:1:196512)
    at https://fe-static.xhscdn.com/formula-static/xhs-pc-web/public/resource/js/vendor-dynamic.147dd08d.js:1:197334 null undefined @ https://fe-static.xhscdn.com/formula-static/xhs-pc-web/public/resource/js/index.9a5346c1.js:24
[    5575ms] [LOG] Error @ :2
[    5582ms] [LOG] Error @ :2
[    5590ms] [ERROR] [loginStatusInterceptor] Response error: HTTPServerError: 无登录信息，或登录信息为空
    at fulfilled (https://fe-static.xhscdn.com/formula-static/xhs-pc-web/public/resource/js/vendor-dynamic.147dd08d.js:1:196805)
    at https://fe-static.xhscdn.com/formula-static/xhs-pc-web/public/resource/js/vendor-dynamic.147dd08d.js:1:197334 Object Object @ https://fe-static.xhscdn.com/formula-static/xhs-pc-web/public/resource/js/index.9a5346c1.js:24
[    5591ms] [LOG] Error @ :2
[    5675ms] [ERROR] [loginStatusInterceptor] Response error: HTTPServerError: 无登录信息，或登录信息为空
    at fulfilled (https://fe-static.xhscdn.com/formula-static/xhs-pc-web/public/resource/js/vendor-dynamic.147dd08d.js:1:196805)
    at https://fe-static.xhscdn.com/formula-static/xhs-pc-web/public/resource/js/vendor-dynamic.147dd08d.js:1:197334 Object Object @ https://fe-static.xhscdn.com/formula-static/xhs-pc-web/public/resource/js/index.9a5346c1.js:24
[    5560ms] [ERROR] Failed to load resource: the server responded with a status of 461 () @ https://edith.xiaohongshu.com/api/sns/web/v1/login/activate:0
[    6189ms] [INFO] 框架和 SDK 输出的日志默认不展示，可在框架配置文件中设置开启，详见 https://doc.weixin.qq.com/doc/w3_AWkASAb9APAr8IdJI5VS0OyqetUE6?scode=ANAAyQcbAAgB8qKjm9AWkASAb9APA @ https://fe-static.xhscdn.com/formula-static/fe-login/public/resource/js/library-launcher.844ab2b3.js:0
[    6223ms] [LOG] Error @ :2
[    7672ms] [ERROR] Failed to load resource: net::ERR_BLOCKED_BY_CLIENT @ chrome-extension://invalid/:0
[    7672ms] [ERROR] Failed to load resource: net::ERR_BLOCKED_BY_CLIENT @ chrome-extension://invalid/:0
[    7672ms] [ERROR] Failed to load resource: net::ERR_BLOCKED_BY_CLIENT @ chrome-extension://invalid/:0
[    7672ms] [ERROR] Failed to load resource: net::ERR_BLOCKED_BY_CLIENT @ chrome-extension://invalid/:0
[    7672ms] [ERROR] Failed to load resource: net::ERR_BLOCKED_BY_CLIENT @ chrome-extension://invalid/:0
[    7672ms] [ERROR] Failed to load resource: net::ERR_BLOCKED_BY_CLIENT @ chrome-extension://invalid/:0
[    7672ms] [ERROR] Failed to load resource: net::ERR_BLOCKED_BY_CLIENT @ chrome-extension://invalid/:0
[    7672ms] [ERROR] Failed to load resource: net::ERR_BLOCKED_BY_CLIENT @ chrome-extension://invalid/:0
[   19120ms] [LOG] Error @ :2
[  606884ms] [LOG] Error @ :2
[  907132ms] [LOG] Error @ :2
[ 1326797ms] [LOG] Error @ :2
[ 1926916ms] [LOG] Error @ :2
[ 2108693ms] [LOG] Error @ :2
[ 3014551ms] [LOG] Error @ :2
[ 3127263ms] [LOG] Error @ :2
[ 3314840ms] [LOG] Error @ :2
[ 3615077ms] [LOG] Error @ :2
[ 3727534ms] [LOG] Error @ :2
[ 4220757ms] [LOG] Error @ :2
[ 4327627ms] [LOG] Error @ :2
[ 4927800ms] [LOG] Error @ :2
[ 5421712ms] [LOG] Error @ :2
[ 5527952ms] [LOG] Error @ :2
[ 5722033ms] [LOG] Error @ :2
[ 6022317ms] [LOG] Error @ :2
[ 6128027ms] [LOG] Error @ :2
[ 6322529ms] [LOG] Error @ :2
[ 7223404ms] [LOG] Error @ :2
[ 7523859ms] [LOG] Error @ :2
[ 8424557ms] [LOG] Error @ :2
[ 8724842ms] [LOG] Error @ :2
[ 9025085ms] [LOG] Error @ :2
[ 9625580ms] [LOG] Error @ :2
[ 9728728ms] [LOG] Error @ :2
[ 9925873ms] [LOG] Error @ :2
[10226239ms] [LOG] Error @ :2
[10328823ms] [LOG] Error @ :2
[10526610ms] [LOG] Error @ :2
[10826916ms] [LOG] Error @ :2
[10928975ms] [LOG] Error @ :2
[11127224ms] [LOG] Error @ :2
[12028043ms] [LOG] Error @ :2
[12129305ms] [LOG] Error @ :2
[20779030ms] [LOG] Error @ :2
[25473836ms] [LOG] Error @ :2
[32645747ms] [LOG] Error @ :2
[44909251ms] [LOG] Error @ :2
[45214623ms] [LOG] Error @ :2
[45614670ms] [LOG] Error @ :2
[46130361ms] [LOG] Error @ :2
[46214760ms] [LOG] Error @ :2
[46740866ms] [LOG] Error @ :2
[47043082ms] [LOG] Error @ :2
[47348272ms] [LOG] Error @ :2
[47416957ms] [LOG] Error @ :2
[47691952ms] [LOG] Error @ :2
[47997294ms] [LOG] Error @ :2
[48082299ms] [LOG] Error @ :2
[48319217ms] [LOG] Error @ :2
[48722193ms] [LOG] Error @ :2
[48959428ms] [LOG] Error @ :2
[49667519ms] [LOG] Error @ :2
[50206174ms] [LOG] Error @ :2
[50268486ms] [LOG] Error @ :2
[51407183ms] [LOG] Error @ :2
[52012627ms] [LOG] Error @ :2
[52068941ms] [LOG] Error @ :2
[52312873ms] [LOG] Error @ :2
[52669419ms] [LOG] Error @ :2
[52913503ms] [LOG] Error @ :2
[53269546ms] [LOG] Error @ :2
[53513886ms] [LOG] Error @ :2
[53814060ms] [LOG] Error @ :2
[54719525ms] [LOG] Error @ :2
[55019681ms] [LOG] Error @ :2
[55319980ms] [LOG] Error @ :2
[56518450ms] [LOG] Error @ :2
[57165898ms] [LOG] Error @ :2
[57717382ms] [LOG] Error @ :2
[58366201ms] [LOG] Error @ :2
[58617944ms] [LOG] Error @ :2
[59218305ms] [LOG] Error @ :2
[60119199ms] [LOG] Error @ :2
[60166621ms] [LOG] Error @ :2
[62800459ms] [LOG] Error @ :2
[62847305ms] [LOG] Error @ :2
